// Bun Snapshot v1, https://goo.gl/fbAQLP

exports[`Streaming Markdown Parser Code blocks inside of lists: optimistic-code-block-parsing-input-chunks 1`] = `
[
  "",
  "",
  "",
  "I",
  "nl",
  "ine c",
  "ode: ",
  "",
  "[7m",
  " ",
  "inlin",
  "e",
  " ",
  "[27m",
  " ",
  "",
  
"

"
,
  "",
  "",
  "B",
  "lock",
  ":",
  "",
  "",
  
"

"
,
  "[7m",
  "",
  "",
  "",
  "",
  "",
  "",
  "",
  "",
  "console.log("Hello, world!") ",
  "",
  "[27m",
  
"

"
,
  "",
  "",
  "H",
  "e",
  "re's ",
  "a lis",
  "t:",
  "",
  "",
  
"
"
,
  "",
  "",
  
"
"
,
  "",
  "  â€¢ ",
  "Firs",
  "t ite",
  "m",
  "",
  "",
  
"
"
,
  "",
  "  â€¢ ",
  "S",
  "econd",
  " item",
  "",
  "",
  
"
"
,
  "",
  "  â€¢ ",
  
"

"
,
  "[7m",
  "",
  "",
  "",
  "",
  
"   console.log(a) 
[7m "
,
  "",
  "",
  "",
  
"  console.log(b) 
[7m "
,
  "   ",
  "",
  "[27m",
  "",
  "",
  
"
"
,
  "",
  "  â€¢ ",
  "F",
  "ourth",
  " item",
  "",
  "",
  
"
"
,
  "",
  "  â€¢ ",
  "Fi",
  "fth i",
  "tem",
]
`;
